Archive member included because of file (symbol)

g:/eclipse_uc/avr/winavr/bin/../lib/gcc/avr/4.3.3/../../../../avr/lib/avr5\libm.a(addsf3.o)
                              ./util/fasttrigo.o (__subsf3)
g:/eclipse_uc/avr/winavr/bin/../lib/gcc/avr/4.3.3/../../../../avr/lib/avr5\libm.a(addsf3x.o)
                              g:/eclipse_uc/avr/winavr/bin/../lib/gcc/avr/4.3.3/../../../../avr/lib/avr5\libm.a(addsf3.o) (__addsf3x)
g:/eclipse_uc/avr/winavr/bin/../lib/gcc/avr/4.3.3/../../../../avr/lib/avr5\libm.a(atan2.o)
                              ./main.o (atan2)
g:/eclipse_uc/avr/winavr/bin/../lib/gcc/avr/4.3.3/../../../../avr/lib/avr5\libm.a(atan.o)
                              g:/eclipse_uc/avr/winavr/bin/../lib/gcc/avr/4.3.3/../../../../avr/lib/avr5\libm.a(atan2.o) (atan)
g:/eclipse_uc/avr/winavr/bin/../lib/gcc/avr/4.3.3/../../../../avr/lib/avr5\libm.a(cmpsf2.o)
                              ./util/fasttrigo.o (__ltsf2)
g:/eclipse_uc/avr/winavr/bin/../lib/gcc/avr/4.3.3/../../../../avr/lib/avr5\libm.a(divsf3.o)
                              ./util/fasttrigo.o (__divsf3)
g:/eclipse_uc/avr/winavr/bin/../lib/gcc/avr/4.3.3/../../../../avr/lib/avr5\libm.a(divsf3x.o)
                              g:/eclipse_uc/avr/winavr/bin/../lib/gcc/avr/4.3.3/../../../../avr/lib/avr5\libm.a(divsf3.o) (__divsf3x)
g:/eclipse_uc/avr/winavr/bin/../lib/gcc/avr/4.3.3/../../../../avr/lib/avr5\libm.a(fixsfsi.o)
                              ./prisma.o (__fixsfsi)
g:/eclipse_uc/avr/winavr/bin/../lib/gcc/avr/4.3.3/../../../../avr/lib/avr5\libm.a(fixunssfsi.o)
                              ./blmotor/blmotor.o (__fixunssfsi)
g:/eclipse_uc/avr/winavr/bin/../lib/gcc/avr/4.3.3/../../../../avr/lib/avr5\libm.a(floatsisf.o)
                              ./mpu6050/mpu6050.o (__floatsisf)
g:/eclipse_uc/avr/winavr/bin/../lib/gcc/avr/4.3.3/../../../../avr/lib/avr5\libm.a(fp_cmp.o)
                              g:/eclipse_uc/avr/winavr/bin/../lib/gcc/avr/4.3.3/../../../../avr/lib/avr5\libm.a(cmpsf2.o) (__fp_cmp)
g:/eclipse_uc/avr/winavr/bin/../lib/gcc/avr/4.3.3/../../../../avr/lib/avr5\libm.a(fp_inf.o)
                              g:/eclipse_uc/avr/winavr/bin/../lib/gcc/avr/4.3.3/../../../../avr/lib/avr5\libm.a(addsf3x.o) (__fp_inf)
g:/eclipse_uc/avr/winavr/bin/../lib/gcc/avr/4.3.3/../../../../avr/lib/avr5\libm.a(fp_nan.o)
                              g:/eclipse_uc/avr/winavr/bin/../lib/gcc/avr/4.3.3/../../../../avr/lib/avr5\libm.a(addsf3x.o) (__fp_nan)
g:/eclipse_uc/avr/winavr/bin/../lib/gcc/avr/4.3.3/../../../../avr/lib/avr5\libm.a(fp_powser.o)
                              g:/eclipse_uc/avr/winavr/bin/../lib/gcc/avr/4.3.3/../../../../avr/lib/avr5\libm.a(atan.o) (__fp_powser)
g:/eclipse_uc/avr/winavr/bin/../lib/gcc/avr/4.3.3/../../../../avr/lib/avr5\libm.a(fp_pscA.o)
                              g:/eclipse_uc/avr/winavr/bin/../lib/gcc/avr/4.3.3/../../../../avr/lib/avr5\libm.a(addsf3x.o) (__fp_pscA)
g:/eclipse_uc/avr/winavr/bin/../lib/gcc/avr/4.3.3/../../../../avr/lib/avr5\libm.a(fp_pscB.o)
                              g:/eclipse_uc/avr/winavr/bin/../lib/gcc/avr/4.3.3/../../../../avr/lib/avr5\libm.a(addsf3x.o) (__fp_pscB)
g:/eclipse_uc/avr/winavr/bin/../lib/gcc/avr/4.3.3/../../../../avr/lib/avr5\libm.a(fp_round.o)
                              g:/eclipse_uc/avr/winavr/bin/../lib/gcc/avr/4.3.3/../../../../avr/lib/avr5\libm.a(addsf3.o) (__fp_round)
g:/eclipse_uc/avr/winavr/bin/../lib/gcc/avr/4.3.3/../../../../avr/lib/avr5\libm.a(fp_split3.o)
                              g:/eclipse_uc/avr/winavr/bin/../lib/gcc/avr/4.3.3/../../../../avr/lib/avr5\libm.a(addsf3x.o) (__fp_split3)
g:/eclipse_uc/avr/winavr/bin/../lib/gcc/avr/4.3.3/../../../../avr/lib/avr5\libm.a(fp_zero.o)
                              g:/eclipse_uc/avr/winavr/bin/../lib/gcc/avr/4.3.3/../../../../avr/lib/avr5\libm.a(addsf3x.o) (__fp_zero)
g:/eclipse_uc/avr/winavr/bin/../lib/gcc/avr/4.3.3/../../../../avr/lib/avr5\libm.a(frexp.o)
                              ./util/fasttrigo.o (frexp)
g:/eclipse_uc/avr/winavr/bin/../lib/gcc/avr/4.3.3/../../../../avr/lib/avr5\libm.a(gesf2.o)
                              ./util/fasttrigo.o (__gtsf2)
g:/eclipse_uc/avr/winavr/bin/../lib/gcc/avr/4.3.3/../../../../avr/lib/avr5\libm.a(inverse.o)
                              g:/eclipse_uc/avr/winavr/bin/../lib/gcc/avr/4.3.3/../../../../avr/lib/avr5\libm.a(atan.o) (inverse)
g:/eclipse_uc/avr/winavr/bin/../lib/gcc/avr/4.3.3/../../../../avr/lib/avr5\libm.a(ldexp.o)
                              ./util/fasttrigo.o (ldexp)
g:/eclipse_uc/avr/winavr/bin/../lib/gcc/avr/4.3.3/../../../../avr/lib/avr5\libm.a(mulsf3.o)
                              ./util/fasttrigo.o (__mulsf3)
g:/eclipse_uc/avr/winavr/bin/../lib/gcc/avr/4.3.3/../../../../avr/lib/avr5\libm.a(mulsf3x.o)
                              g:/eclipse_uc/avr/winavr/bin/../lib/gcc/avr/4.3.3/../../../../avr/lib/avr5\libm.a(atan.o) (__mulsf3x)
g:/eclipse_uc/avr/winavr/bin/../lib/gcc/avr/4.3.3/../../../../avr/lib/avr5\libm.a(square.o)
                              g:/eclipse_uc/avr/winavr/bin/../lib/gcc/avr/4.3.3/../../../../avr/lib/avr5\libm.a(atan.o) (square)
g:/eclipse_uc/avr/winavr/bin/../lib/gcc/avr/4.3.3/../../../../avr/lib/avr5\libm.a(fp_mpack.o)
                              g:/eclipse_uc/avr/winavr/bin/../lib/gcc/avr/4.3.3/../../../../avr/lib/avr5\libm.a(frexp.o) (__fp_mpack)
g:/eclipse_uc/avr/winavr/bin/../lib/gcc/avr/4.3.3/../../../../avr/lib/avr5\libm.a(fp_norm2.o)
                              g:/eclipse_uc/avr/winavr/bin/../lib/gcc/avr/4.3.3/../../../../avr/lib/avr5\libm.a(frexp.o) (__fp_norm2)
g:/eclipse_uc/avr/winavr/bin/../lib/gcc/avr/4.3.3/../../../../avr/lib/avr5\libprintf_flt.a(vfprintf_flt.o)
                              (vfprintf)
g:/eclipse_uc/avr/winavr/bin/../lib/gcc/avr/4.3.3/avr5\libgcc.a(_udivmodhi4.o)
                              ./blmotor/blmotor.o (__udivmodhi4)
g:/eclipse_uc/avr/winavr/bin/../lib/gcc/avr/4.3.3/avr5\libgcc.a(_divmodhi4.o)
                              ./util/fasttrigo.o (__divmodhi4)
g:/eclipse_uc/avr/winavr/bin/../lib/gcc/avr/4.3.3/avr5\libgcc.a(_prologue.o)
                              g:/eclipse_uc/avr/winavr/bin/../lib/gcc/avr/4.3.3/../../../../avr/lib/avr5\libprintf_flt.a(vfprintf_flt.o) (__prologue_saves__)
g:/eclipse_uc/avr/winavr/bin/../lib/gcc/avr/4.3.3/avr5\libgcc.a(_epilogue.o)
                              g:/eclipse_uc/avr/winavr/bin/../lib/gcc/avr/4.3.3/../../../../avr/lib/avr5\libprintf_flt.a(vfprintf_flt.o) (__epilogue_restores__)
g:/eclipse_uc/avr/winavr/bin/../lib/gcc/avr/4.3.3/avr5\libgcc.a(_exit.o)
                              g:/eclipse_uc/avr/winavr/bin/../lib/gcc/avr/4.3.3/../../../../avr/lib/avr5/crtm328p.o (exit)
g:/eclipse_uc/avr/winavr/bin/../lib/gcc/avr/4.3.3/avr5\libgcc.a(_copy_data.o)
                              ./blmotor/blmotor.o (__do_copy_data)
g:/eclipse_uc/avr/winavr/bin/../lib/gcc/avr/4.3.3/avr5\libgcc.a(_clear_bss.o)
                              ./mpu6050/mpu6050.o (__do_clear_bss)
g:/eclipse_uc/avr/winavr/bin/../lib/gcc/avr/4.3.3/../../../../avr/lib/avr5\libc.a(ftoa_engine.o)
                              g:/eclipse_uc/avr/winavr/bin/../lib/gcc/avr/4.3.3/../../../../avr/lib/avr5\libprintf_flt.a(vfprintf_flt.o) (__ftoa_engine)
g:/eclipse_uc/avr/winavr/bin/../lib/gcc/avr/4.3.3/../../../../avr/lib/avr5\libc.a(strnlen_P.o)
                              g:/eclipse_uc/avr/winavr/bin/../lib/gcc/avr/4.3.3/../../../../avr/lib/avr5\libprintf_flt.a(vfprintf_flt.o) (strnlen_P)
g:/eclipse_uc/avr/winavr/bin/../lib/gcc/avr/4.3.3/../../../../avr/lib/avr5\libc.a(strnlen.o)
                              g:/eclipse_uc/avr/winavr/bin/../lib/gcc/avr/4.3.3/../../../../avr/lib/avr5\libprintf_flt.a(vfprintf_flt.o) (strnlen)
g:/eclipse_uc/avr/winavr/bin/../lib/gcc/avr/4.3.3/../../../../avr/lib/avr5\libc.a(fputc.o)
                              g:/eclipse_uc/avr/winavr/bin/../lib/gcc/avr/4.3.3/../../../../avr/lib/avr5\libprintf_flt.a(vfprintf_flt.o) (fputc)
g:/eclipse_uc/avr/winavr/bin/../lib/gcc/avr/4.3.3/../../../../avr/lib/avr5\libc.a(iob.o)
                              ./uart.o (__iob)
g:/eclipse_uc/avr/winavr/bin/../lib/gcc/avr/4.3.3/../../../../avr/lib/avr5\libc.a(printf.o)
                              ./blmotor/blmotor.o (printf)
g:/eclipse_uc/avr/winavr/bin/../lib/gcc/avr/4.3.3/../../../../avr/lib/avr5\libc.a(ultoa_invert.o)
                              g:/eclipse_uc/avr/winavr/bin/../lib/gcc/avr/4.3.3/../../../../avr/lib/avr5\libprintf_flt.a(vfprintf_flt.o) (__ultoa_invert)

Allocating common symbols
Common symbol       size              file

kalX                0x28              ./main.o
ocr                 0x32              ./blmotor/blmotor.o
orientation         0x5               ./prisma.o
kalY                0x28              ./main.o
kalZ                0x28              ./main.o
buffer              0xe               ./mpu6050/mpu6050.o
speedLookup         0xc8              ./blmotor/blmotor.o
__iob               0x6               g:/eclipse_uc/avr/winavr/bin/../lib/gcc/avr/4.3.3/../../../../avr/lib/avr5\libc.a(iob.o)
motorControlState   0x11              ./blmotor/blmotor.o

Memory Configuration

Name             Origin             Length             Attributes
text             0x00000000         0x00020000         xr
data             0x00800060         0x0000ffa0         rw !x
eeprom           0x00810000         0x00010000         rw !x
fuse             0x00820000         0x00000400         rw !x
lock             0x00830000         0x00000400         rw !x
signature        0x00840000         0x00000400         rw !x
*default*        0x00000000         0xffffffff

Linker script and memory map

Address of section .data set to 0x800100
LOAD g:/eclipse_uc/avr/winavr/bin/../lib/gcc/avr/4.3.3/../../../../avr/lib/avr5/crtm328p.o
LOAD ./util/fasttrigo.o
LOAD ./mpu6050/mpu6050.o
LOAD ./mpu6050/mpu6050dmp6.o
LOAD ./kalman/kalman.o
LOAD ./i2chw/twimastertimeout.o
LOAD ./blmotor/blmotor.o
LOAD ./main.o
LOAD ./prisma.o
LOAD ./uart.o
LOAD g:/eclipse_uc/avr/winavr/bin/../lib/gcc/avr/4.3.3/../../../../avr/lib/avr5\libm.a
LOAD g:/eclipse_uc/avr/winavr/bin/../lib/gcc/avr/4.3.3/../../../../avr/lib/avr5\libprintf_flt.a
LOAD g:/eclipse_uc/avr/winavr/bin/../lib/gcc/avr/4.3.3/avr5\libgcc.a
LOAD g:/eclipse_uc/avr/winavr/bin/../lib/gcc/avr/4.3.3/../../../../avr/lib/avr5\libc.a
LOAD g:/eclipse_uc/avr/winavr/bin/../lib/gcc/avr/4.3.3/avr5\libgcc.a

.hash
 *(.hash)

.dynsym
 *(.dynsym)

.dynstr
 *(.dynstr)

.gnu.version
 *(.gnu.version)

.gnu.version_d
 *(.gnu.version_d)

.gnu.version_r
 *(.gnu.version_r)

.rel.init
 *(.rel.init)

.rela.init
 *(.rela.init)

.rel.text
 *(.rel.text)
 *(.rel.text.*)
 *(.rel.gnu.linkonce.t*)

.rela.text
 *(.rela.text)
 *(.rela.text.*)
 *(.rela.gnu.linkonce.t*)

.rel.fini
 *(.rel.fini)

.rela.fini
 *(.rela.fini)

.rel.rodata
 *(.rel.rodata)
 *(.rel.rodata.*)
 *(.rel.gnu.linkonce.r*)

.rela.rodata
 *(.rela.rodata)
 *(.rela.rodata.*)
 *(.rela.gnu.linkonce.r*)

.rel.data
 *(.rel.data)
 *(.rel.data.*)
 *(.rel.gnu.linkonce.d*)

.rela.data
 *(.rela.data)
 *(.rela.data.*)
 *(.rela.gnu.linkonce.d*)

.rel.ctors
 *(.rel.ctors)

.rela.ctors
 *(.rela.ctors)

.rel.dtors
 *(.rel.dtors)

.rela.dtors
 *(.rela.dtors)

.rel.got
 *(.rel.got)

.rela.got
 *(.rela.got)

.rel.bss
 *(.rel.bss)

.rela.bss
 *(.rela.bss)

.rel.plt
 *(.rel.plt)

.rela.plt
 *(.rela.plt)

.text           0x00000000     0x34c0
 *(.vectors)
 .vectors       0x00000000       0x68 g:/eclipse_uc/avr/winavr/bin/../lib/gcc/avr/4.3.3/../../../../avr/lib/avr5/crtm328p.o
                0x00000000                __vectors
                0x00000000                __vector_default
 *(.vectors)
 *(.progmem.gcc*)
 .progmem.gcc_fplib
                0x00000068       0x2d g:/eclipse_uc/avr/winavr/bin/../lib/gcc/avr/4.3.3/../../../../avr/lib/avr5\libm.a(atan.o)
 *(.progmem*)
 .progmem.data  0x00000095       0xc8 ./blmotor/blmotor.o
                0x00000095                ocrFactor
 .progmem.data  0x0000015d        0x8 g:/eclipse_uc/avr/winavr/bin/../lib/gcc/avr/4.3.3/../../../../avr/lib/avr5\libprintf_flt.a(vfprintf_flt.o)
 .progmem.data  0x00000165       0xfa g:/eclipse_uc/avr/winavr/bin/../lib/gcc/avr/4.3.3/../../../../avr/lib/avr5\libc.a(ftoa_engine.o)
                0x00000260                . = ALIGN (0x2)
 *fill*         0x0000025f        0x1 00
                0x00000260                __trampolines_start = .
 *(.trampolines)
 .trampolines   0x00000260        0x0 linker stubs
 *(.trampolines*)
                0x00000260                __trampolines_end = .
 *(.jumptables)
 *(.jumptables*)
 *(.lowtext)
 *(.lowtext*)
                0x00000260                __ctors_start = .
 *(.ctors)
                0x00000260                __ctors_end = .
                0x00000260                __dtors_start = .
 *(.dtors)
                0x00000260                __dtors_end = .
 SORT(*)(.ctors)
 SORT(*)(.dtors)
 *(.init0)
 .init0         0x00000260        0x0 g:/eclipse_uc/avr/winavr/bin/../lib/gcc/avr/4.3.3/../../../../avr/lib/avr5/crtm328p.o
                0x00000260                __init
 *(.init0)
 *(.init1)
 *(.init1)
 *(.init2)
 .init2         0x00000260        0xc g:/eclipse_uc/avr/winavr/bin/../lib/gcc/avr/4.3.3/../../../../avr/lib/avr5/crtm328p.o
 *(.init2)
 *(.init3)
 *(.init3)
 *(.init4)
 .init4         0x0000026c       0x16 g:/eclipse_uc/avr/winavr/bin/../lib/gcc/avr/4.3.3/avr5\libgcc.a(_copy_data.o)
                0x0000026c                __do_copy_data
 .init4         0x00000282       0x10 g:/eclipse_uc/avr/winavr/bin/../lib/gcc/avr/4.3.3/avr5\libgcc.a(_clear_bss.o)
                0x00000282                __do_clear_bss
 *(.init4)
 *(.init5)
 *(.init5)
 *(.init6)
 *(.init6)
 *(.init7)
 *(.init7)
 *(.init8)
 *(.init8)
 *(.init9)
 .init9         0x00000292        0x8 g:/eclipse_uc/avr/winavr/bin/../lib/gcc/avr/4.3.3/../../../../avr/lib/avr5/crtm328p.o
 *(.init9)
 *(.text)
 .text          0x0000029a        0x4 g:/eclipse_uc/avr/winavr/bin/../lib/gcc/avr/4.3.3/../../../../avr/lib/avr5/crtm328p.o
                0x0000029a                __vector_22
                0x0000029a                __vector_1
                0x0000029a                __vector_24
                0x0000029a                __vector_12
                0x0000029a                __bad_interrupt
                0x0000029a                __vector_6
                0x0000029a                __vector_3
                0x0000029a                __vector_23
                0x0000029a                __vector_25
                0x0000029a                __vector_11
                0x0000029a                __vector_17
                0x0000029a                __vector_7
                0x0000029a                __vector_5
                0x0000029a                __vector_4
                0x0000029a                __vector_9
                0x0000029a                __vector_2
                0x0000029a                __vector_21
                0x0000029a                __vector_15
                0x0000029a                __vector_8
                0x0000029a                __vector_10
                0x0000029a                __vector_16
                0x0000029a                __vector_20
 .text          0x0000029e        0x0 ./util/fasttrigo.o
 .text          0x0000029e        0x0 ./mpu6050/mpu6050.o
 .text          0x0000029e        0x0 ./mpu6050/mpu6050dmp6.o
 .text          0x0000029e        0x0 ./kalman/kalman.o
 .text          0x0000029e        0x0 ./i2chw/twimastertimeout.o
 .text          0x0000029e        0x0 ./blmotor/blmotor.o
 .text          0x0000029e        0x0 ./main.o
 .text          0x0000029e        0x0 ./prisma.o
 .text          0x0000029e        0x0 ./uart.o
 .text          0x0000029e        0x0 g:/eclipse_uc/avr/winavr/bin/../lib/gcc/avr/4.3.3/../../../../avr/lib/avr5\libm.a(addsf3.o)
 .text          0x0000029e        0x0 g:/eclipse_uc/avr/winavr/bin/../lib/gcc/avr/4.3.3/../../../../avr/lib/avr5\libm.a(addsf3x.o)
 .text          0x0000029e        0x0 g:/eclipse_uc/avr/winavr/bin/../lib/gcc/avr/4.3.3/../../../../avr/lib/avr5\libm.a(atan2.o)
 .text          0x0000029e        0x0 g:/eclipse_uc/avr/winavr/bin/../lib/gcc/avr/4.3.3/../../../../avr/lib/avr5\libm.a(atan.o)
 .text          0x0000029e        0x0 g:/eclipse_uc/avr/winavr/bin/../lib/gcc/avr/4.3.3/../../../../avr/lib/avr5\libm.a(cmpsf2.o)
 .text          0x0000029e        0x0 g:/eclipse_uc/avr/winavr/bin/../lib/gcc/avr/4.3.3/../../../../avr/lib/avr5\libm.a(divsf3.o)
 .text          0x0000029e        0x0 g:/eclipse_uc/avr/winavr/bin/../lib/gcc/avr/4.3.3/../../../../avr/lib/avr5\libm.a(divsf3x.o)
 .text          0x0000029e        0x0 g:/eclipse_uc/avr/winavr/bin/../lib/gcc/avr/4.3.3/../../../../avr/lib/avr5\libm.a(fixsfsi.o)
 .text          0x0000029e        0x0 g:/eclipse_uc/avr/winavr/bin/../lib/gcc/avr/4.3.3/../../../../avr/lib/avr5\libm.a(fixunssfsi.o)
 .text          0x0000029e        0x0 g:/eclipse_uc/avr/winavr/bin/../lib/gcc/avr/4.3.3/../../../../avr/lib/avr5\libm.a(floatsisf.o)
 .text          0x0000029e        0x0 g:/eclipse_uc/avr/winavr/bin/../lib/gcc/avr/4.3.3/../../../../avr/lib/avr5\libm.a(fp_cmp.o)
 .text          0x0000029e        0x0 g:/eclipse_uc/avr/winavr/bin/../lib/gcc/avr/4.3.3/../../../../avr/lib/avr5\libm.a(fp_inf.o)
 .text          0x0000029e        0x0 g:/eclipse_uc/avr/winavr/bin/../lib/gcc/avr/4.3.3/../../../../avr/lib/avr5\libm.a(fp_nan.o)
 .text          0x0000029e        0x0 g:/eclipse_uc/avr/winavr/bin/../lib/gcc/avr/4.3.3/../../../../avr/lib/avr5\libm.a(fp_powser.o)
 .text          0x0000029e        0x0 g:/eclipse_uc/avr/winavr/bin/../lib/gcc/avr/4.3.3/../../../../avr/lib/avr5\libm.a(fp_pscA.o)
 .text          0x0000029e        0x0 g:/eclipse_uc/avr/winavr/bin/../lib/gcc/avr/4.3.3/../../../../avr/lib/avr5\libm.a(fp_pscB.o)
 .text          0x0000029e        0x0 g:/eclipse_uc/avr/winavr/bin/../lib/gcc/avr/4.3.3/../../../../avr/lib/avr5\libm.a(fp_round.o)
 .text          0x0000029e        0x0 g:/eclipse_uc/avr/winavr/bin/../lib/gcc/avr/4.3.3/../../../../avr/lib/avr5\libm.a(fp_split3.o)
 .text          0x0000029e        0x0 g:/eclipse_uc/avr/winavr/bin/../lib/gcc/avr/4.3.3/../../../../avr/lib/avr5\libm.a(fp_zero.o)
 .text          0x0000029e        0x0 g:/eclipse_uc/avr/winavr/bin/../lib/gcc/avr/4.3.3/../../../../avr/lib/avr5\libm.a(frexp.o)
 .text          0x0000029e        0x0 g:/eclipse_uc/avr/winavr/bin/../lib/gcc/avr/4.3.3/../../../../avr/lib/avr5\libm.a(gesf2.o)
 .text          0x0000029e        0x0 g:/eclipse_uc/avr/winavr/bin/../lib/gcc/avr/4.3.3/../../../../avr/lib/avr5\libm.a(inverse.o)
 .text          0x0000029e        0x0 g:/eclipse_uc/avr/winavr/bin/../lib/gcc/avr/4.3.3/../../../../avr/lib/avr5\libm.a(ldexp.o)
 .text          0x0000029e        0x0 g:/eclipse_uc/avr/winavr/bin/../lib/gcc/avr/4.3.3/../../../../avr/lib/avr5\libm.a(mulsf3.o)
 .text          0x0000029e        0x0 g:/eclipse_uc/avr/winavr/bin/../lib/gcc/avr/4.3.3/../../../../avr/lib/avr5\libm.a(mulsf3x.o)
 .text          0x0000029e        0x0 g:/eclipse_uc/avr/winavr/bin/../lib/gcc/avr/4.3.3/../../../../avr/lib/avr5\libm.a(square.o)
 .text          0x0000029e        0x0 g:/eclipse_uc/avr/winavr/bin/../lib/gcc/avr/4.3.3/../../../../avr/lib/avr5\libm.a(fp_mpack.o)
 .text          0x0000029e        0x0 g:/eclipse_uc/avr/winavr/bin/../lib/gcc/avr/4.3.3/../../../../avr/lib/avr5\libm.a(fp_norm2.o)
 .text          0x0000029e        0x0 g:/eclipse_uc/avr/winavr/bin/../lib/gcc/avr/4.3.3/../../../../avr/lib/avr5\libprintf_flt.a(vfprintf_flt.o)
 .text          0x0000029e        0x0 g:/eclipse_uc/avr/winavr/bin/../lib/gcc/avr/4.3.3/avr5\libgcc.a(_udivmodhi4.o)
 .text          0x0000029e        0x0 g:/eclipse_uc/avr/winavr/bin/../lib/gcc/avr/4.3.3/avr5\libgcc.a(_divmodhi4.o)
 .text          0x0000029e        0x0 g:/eclipse_uc/avr/winavr/bin/../lib/gcc/avr/4.3.3/avr5\libgcc.a(_prologue.o)
 .text          0x0000029e        0x0 g:/eclipse_uc/avr/winavr/bin/../lib/gcc/avr/4.3.3/avr5\libgcc.a(_epilogue.o)
 .text          0x0000029e        0x0 g:/eclipse_uc/avr/winavr/bin/../lib/gcc/avr/4.3.3/avr5\libgcc.a(_exit.o)
 .text          0x0000029e        0x0 g:/eclipse_uc/avr/winavr/bin/../lib/gcc/avr/4.3.3/avr5\libgcc.a(_copy_data.o)
 .text          0x0000029e        0x0 g:/eclipse_uc/avr/winavr/bin/../lib/gcc/avr/4.3.3/avr5\libgcc.a(_clear_bss.o)
 .text          0x0000029e        0x0 g:/eclipse_uc/avr/winavr/bin/../lib/gcc/avr/4.3.3/../../../../avr/lib/avr5\libc.a(ftoa_engine.o)
 .text          0x0000029e        0x0 g:/eclipse_uc/avr/winavr/bin/../lib/gcc/avr/4.3.3/../../../../avr/lib/avr5\libc.a(strnlen_P.o)
 .text          0x0000029e        0x0 g:/eclipse_uc/avr/winavr/bin/../lib/gcc/avr/4.3.3/../../../../avr/lib/avr5\libc.a(strnlen.o)
 .text          0x0000029e        0x0 g:/eclipse_uc/avr/winavr/bin/../lib/gcc/avr/4.3.3/../../../../avr/lib/avr5\libc.a(fputc.o)
 .text          0x0000029e        0x0 g:/eclipse_uc/avr/winavr/bin/../lib/gcc/avr/4.3.3/../../../../avr/lib/avr5\libc.a(iob.o)
 .text          0x0000029e        0x0 g:/eclipse_uc/avr/winavr/bin/../lib/gcc/avr/4.3.3/../../../../avr/lib/avr5\libc.a(printf.o)
 .text          0x0000029e        0x0 g:/eclipse_uc/avr/winavr/bin/../lib/gcc/avr/4.3.3/../../../../avr/lib/avr5\libc.a(ultoa_invert.o)
                0x0000029e                . = ALIGN (0x2)
 *(.text.*)
 .text.FT_Sin   0x0000029e      0x122 ./util/fasttrigo.o
                0x0000029e                FT_Sin
 .text.FT_Cos   0x000003c0       0x16 ./util/fasttrigo.o
                0x000003c0                FT_Cos
 .text.FT_Atan2
                0x000003d6      0x174 ./util/fasttrigo.o
                0x000003d6                FT_Atan2
 .text.FT_Exp   0x0000054a       0x9c ./util/fasttrigo.o
                0x0000054a                FT_Exp
 .text.FT_Sqrt  0x000005e6       0xa4 ./util/fasttrigo.o
                0x000005e6                FT_Sqrt
 .text.mpu6050_writeBytes
                0x0000068a       0x4e ./mpu6050/mpu6050.o
                0x0000068a                mpu6050_writeBytes
 .text.mpu6050_writeByte
                0x000006d8       0x20 ./mpu6050/mpu6050.o
                0x000006d8                mpu6050_writeByte
 .text.mpu6050_readBytes
                0x000006f8       0x84 ./mpu6050/mpu6050.o
                0x000006f8                mpu6050_readBytes
 .text.mpu6050_getRawData
                0x0000077c       0xd6 ./mpu6050/mpu6050.o
                0x0000077c                mpu6050_getRawData
 .text.mpu6050_getConvData
                0x00000852      0x1a4 ./mpu6050/mpu6050.o
                0x00000852                mpu6050_getConvData
 .text.mpu6050_readByte
                0x000009f6        0xa ./mpu6050/mpu6050.o
                0x000009f6                mpu6050_readByte
 .text.mpu6050_writeBit
                0x00000a00       0x64 ./mpu6050/mpu6050.o
                0x00000a00                mpu6050_writeBit
 .text.mpu6050_setSleepEnabled
                0x00000a64        0xc ./mpu6050/mpu6050.o
                0x00000a64                mpu6050_setSleepEnabled
 .text.mpu6050_setSleepDisabled
                0x00000a70        0xc ./mpu6050/mpu6050.o
                0x00000a70                mpu6050_setSleepDisabled
 .text.mpu6050_writeBits
                0x00000a7c       0x8c ./mpu6050/mpu6050.o
                0x00000a7c                mpu6050_writeBits
 .text.mpu6050_init
                0x00000b08       0x62 ./mpu6050/mpu6050.o
                0x00000b08                mpu6050_init
 .text.mpu6050_readBit
                0x00000b6a       0x42 ./mpu6050/mpu6050.o
                0x00000b6a                mpu6050_readBit
 .text.mpu6050_readBits
                0x00000bac       0x84 ./mpu6050/mpu6050.o
                0x00000bac                mpu6050_readBits
 .text.mpu6050_testConnection
                0x00000c30       0x1e ./mpu6050/mpu6050.o
                0x00000c30                mpu6050_testConnection
 .text.updateAngle
                0x00000c4e      0x318 ./kalman/kalman.o
                0x00000c4e                updateAngle
 .text.initKalman
                0x00000f66       0x74 ./kalman/kalman.o
                0x00000f66                initKalman
 .text.i2c_init
                0x00000fda        0xc ./i2chw/twimastertimeout.o
                0x00000fda                i2c_init
 .text.i2c_start
                0x00000fe6       0x8a ./i2chw/twimastertimeout.o
                0x00000fe6                i2c_start
 .text.i2c_start_wait
                0x00001070       0x80 ./i2chw/twimastertimeout.o
                0x00001070                i2c_start_wait
 .text.i2c_rep_start
                0x000010f0        0x6 ./i2chw/twimastertimeout.o
                0x000010f0                i2c_rep_start
 .text.i2c_stop
                0x000010f6       0x20 ./i2chw/twimastertimeout.o
                0x000010f6                i2c_stop
 .text.i2c_write
                0x00001116       0x42 ./i2chw/twimastertimeout.o
                0x00001116                i2c_write
 .text.i2c_readAck
                0x00001158       0x34 ./i2chw/twimastertimeout.o
                0x00001158                i2c_readAck
 .text.i2c_readNak
                0x0000118c       0x34 ./i2chw/twimastertimeout.o
                0x0000118c                i2c_readNak
 .text.initControlState
                0x000011c0       0x54 ./blmotor/blmotor.o
                0x000011c0                initControlState
 .text.MoveMotors
                0x00001214       0xae ./blmotor/blmotor.o
                0x00001214                MoveMotors
 .text.motorPowerOff
                0x000012c2       0x1a ./blmotor/blmotor.o
                0x000012c2                motorPowerOff
 .text.commutate
                0x000012dc       0xd2 ./blmotor/blmotor.o
                0x000012dc                commutate
 .text.motorControl
                0x000013ae      0x166 ./blmotor/blmotor.o
                0x000013ae                motorControl
 .text.__vector_14
                0x00001514       0xe0 ./blmotor/blmotor.o
                0x00001514                __vector_14
 .text.printMotorState
                0x000015f4      0x11c ./blmotor/blmotor.o
                0x000015f4                printMotorState
 .text.setup_ocr_accel_values
                0x00001710       0xe4 ./blmotor/blmotor.o
                0x00001710                setup_ocr_accel_values
 .text.bl_setup
                0x000017f4       0x14 ./blmotor/blmotor.o
                0x000017f4                bl_setup
 .text.setup_timers
                0x00001808       0x62 ./main.o
                0x00001808                setup_timers
 .text.__vector_13
                0x0000186a       0xc0 ./main.o
                0x0000186a                __vector_13
 .text.updateKalmanFilters
                0x0000192a      0x448 ./main.o
                0x0000192a                updateKalmanFilters
 .text.initKalmanFilters
                0x00001d72      0x20c ./main.o
                0x00001d72                initKalmanFilters
 .text.resetMotor
                0x00001f7e        0x6 ./main.o
                0x00001f7e                resetMotor
 .text.setup    0x00001f84       0x26 ./main.o
                0x00001f84                setup
 .text.main     0x00001faa      0x186 ./main.o
                0x00001faa                main
 .text.initOrientation
                0x00002130       0x18 ./prisma.o
                0x00002130                initOrientation
 .text.detectOrientation
                0x00002148       0xa0 ./prisma.o
                0x00002148                detectOrientation
 .text.__vector_18
                0x000021e8       0x5c ./uart.o
                0x000021e8                __vector_18
 .text.__vector_19
                0x00002244       0x54 ./uart.o
                0x00002244                __vector_19
 .text.uart_init
                0x00002298       0x34 ./uart.o
                0x00002298                uart_init
 .text.uart_stdio
                0x000022cc       0x24 ./uart.o
                0x000022cc                uart_stdio
 .text.uart_getc
                0x000022f0       0x36 ./uart.o
                0x000022f0                uart_getc
 .text.uart_putc
                0x00002326       0x2c ./uart.o
                0x00002326                uart_putc
 .text.uart_getc_std
                0x00002352       0x38 ./uart.o
                0x00002352                uart_getc_std
 .text.uart_putc_std
                0x0000238a       0x3a ./uart.o
                0x0000238a                uart_putc_std
 .text.avr-libc.fplib
                0x000023c4        0xa g:/eclipse_uc/avr/winavr/bin/../lib/gcc/avr/4.3.3/../../../../avr/lib/avr5\libm.a(addsf3.o)
                0x000023c4                __subsf3
                0x000023c6                __addsf3
 .text.avr-libc.fplib
                0x000023ce       0xc0 g:/eclipse_uc/avr/winavr/bin/../lib/gcc/avr/4.3.3/../../../../avr/lib/avr5\libm.a(addsf3x.o)
                0x000023e8                __addsf3x
 .text.avr-libc.fplib
                0x0000248e       0x74 g:/eclipse_uc/avr/winavr/bin/../lib/gcc/avr/4.3.3/../../../../avr/lib/avr5\libm.a(atan2.o)
                0x000024ac                atan2
 .text.avr-libc.fplib
                0x00002502       0x50 g:/eclipse_uc/avr/winavr/bin/../lib/gcc/avr/4.3.3/../../../../avr/lib/avr5\libm.a(atan.o)
                0x00002502                atan
 .text.avr-libc.fplib
                0x00002552        0x8 g:/eclipse_uc/avr/winavr/bin/../lib/gcc/avr/4.3.3/../../../../avr/lib/avr5\libm.a(cmpsf2.o)
                0x00002552                __lesf2
                0x00002552                __nesf2
                0x00002552                __eqsf2
                0x00002552                __cmpsf2
                0x00002552                __ltsf2
 .text.avr-libc.fplib
                0x0000255a        0x4 g:/eclipse_uc/avr/winavr/bin/../lib/gcc/avr/4.3.3/../../../../avr/lib/avr5\libm.a(divsf3.o)
                0x0000255a                __divsf3
 .text.avr-libc.fplib
                0x0000255e       0xcc g:/eclipse_uc/avr/winavr/bin/../lib/gcc/avr/4.3.3/../../../../avr/lib/avr5\libm.a(divsf3x.o)
                0x00002574                __divsf3x
                0x00002578                __divsf3_pse
 .text.avr-libc.fplib
                0x0000262a        0xa g:/eclipse_uc/avr/winavr/bin/../lib/gcc/avr/4.3.3/../../../../avr/lib/avr5\libm.a(fixsfsi.o)
                0x0000262a                __fixsfsi
 .text.avr-libc.fplib
                0x00002634       0x58 g:/eclipse_uc/avr/winavr/bin/../lib/gcc/avr/4.3.3/../../../../avr/lib/avr5\libm.a(fixunssfsi.o)
                0x00002634                __fixunssfsi
 .text.avr-libc.fplib
                0x0000268c       0x7a g:/eclipse_uc/avr/winavr/bin/../lib/gcc/avr/4.3.3/../../../../avr/lib/avr5\libm.a(floatsisf.o)
                0x00002690                __floatsisf
                0x0000268c                __floatunsisf
 .text.avr-libc.fplib
                0x00002706       0x48 g:/eclipse_uc/avr/winavr/bin/../lib/gcc/avr/4.3.3/../../../../avr/lib/avr5\libm.a(fp_cmp.o)
                0x00002706                __fp_cmp
 .text.avr-libc.fplib
                0x0000274e        0xc g:/eclipse_uc/avr/winavr/bin/../lib/gcc/avr/4.3.3/../../../../avr/lib/avr5\libm.a(fp_inf.o)
                0x0000274e                __fp_inf
 .text.avr-libc.fplib
                0x0000275a        0x6 g:/eclipse_uc/avr/winavr/bin/../lib/gcc/avr/4.3.3/../../../../avr/lib/avr5\libm.a(fp_nan.o)
                0x0000275a                __fp_nan
 .text.avr-libc.fplib
                0x00002760       0x4a g:/eclipse_uc/avr/winavr/bin/../lib/gcc/avr/4.3.3/../../../../avr/lib/avr5\libm.a(fp_powser.o)
                0x00002760                __fp_powser
 .text.avr-libc.fplib
                0x000027aa        0xe g:/eclipse_uc/avr/winavr/bin/../lib/gcc/avr/4.3.3/../../../../avr/lib/avr5\libm.a(fp_pscA.o)
                0x000027aa                __fp_pscA
 .text.avr-libc.fplib
                0x000027b8        0xe g:/eclipse_uc/avr/winavr/bin/../lib/gcc/avr/4.3.3/../../../../avr/lib/avr5\libm.a(fp_pscB.o)
                0x000027b8                __fp_pscB
 .text.avr-libc.fplib
                0x000027c6       0x22 g:/eclipse_uc/avr/winavr/bin/../lib/gcc/avr/4.3.3/../../../../avr/lib/avr5\libm.a(fp_round.o)
                0x000027c6                __fp_round
 .text.avr-libc.fplib
                0x000027e8       0x44 g:/eclipse_uc/avr/winavr/bin/../lib/gcc/avr/4.3.3/../../../../avr/lib/avr5\libm.a(fp_split3.o)
                0x000027e8                __fp_split3
                0x000027f8                __fp_splitA
 .text.avr-libc.fplib
                0x0000282c        0xe g:/eclipse_uc/avr/winavr/bin/../lib/gcc/avr/4.3.3/../../../../avr/lib/avr5\libm.a(fp_zero.o)
                0x0000282c                __fp_zero
                0x0000282e                __fp_szero
 .text.avr-libc.fplib
                0x0000283a       0x26 g:/eclipse_uc/avr/winavr/bin/../lib/gcc/avr/4.3.3/../../../../avr/lib/avr5\libm.a(frexp.o)
                0x0000283a                frexp
 .text.avr-libc.fplib
                0x00002860        0x8 g:/eclipse_uc/avr/winavr/bin/../lib/gcc/avr/4.3.3/../../../../avr/lib/avr5\libm.a(gesf2.o)
                0x00002860                __gtsf2
                0x00002860                __gesf2
 .text.avr-libc.fplib
                0x00002868        0xe g:/eclipse_uc/avr/winavr/bin/../lib/gcc/avr/4.3.3/../../../../avr/lib/avr5\libm.a(inverse.o)
                0x00002868                inverse
 .text.avr-libc.fplib
                0x00002876       0x6c g:/eclipse_uc/avr/winavr/bin/../lib/gcc/avr/4.3.3/../../../../avr/lib/avr5\libm.a(ldexp.o)
                0x0000287a                ldexp
 .text.avr-libc.fplib
                0x000028e2        0x4 g:/eclipse_uc/avr/winavr/bin/../lib/gcc/avr/4.3.3/../../../../avr/lib/avr5\libm.a(mulsf3.o)
                0x000028e2                __mulsf3
 .text.avr-libc.fplib
                0x000028e6       0xc2 g:/eclipse_uc/avr/winavr/bin/../lib/gcc/avr/4.3.3/../../../../avr/lib/avr5\libm.a(mulsf3x.o)
                0x000028fe                __mulsf3_pse
                0x000028fa                __mulsf3x
 .text.avr-libc.fplib
                0x000029a8        0x6 g:/eclipse_uc/avr/winavr/bin/../lib/gcc/avr/4.3.3/../../../../avr/lib/avr5\libm.a(square.o)
                0x000029a8                square
 .text.avr-libc.fplib
                0x000029ae       0x1c g:/eclipse_uc/avr/winavr/bin/../lib/gcc/avr/4.3.3/../../../../avr/lib/avr5\libm.a(fp_mpack.o)
                0x000029b2                __fp_mpack_finite
                0x000029ae                __fp_mpack
 .text.avr-libc.fplib
                0x000029ca        0xe g:/eclipse_uc/avr/winavr/bin/../lib/gcc/avr/4.3.3/../../../../avr/lib/avr5\libm.a(fp_norm2.o)
                0x000029ca                __fp_norm2
 .text.avr-libc
                0x000029d8      0x70e g:/eclipse_uc/avr/winavr/bin/../lib/gcc/avr/4.3.3/../../../../avr/lib/avr5\libprintf_flt.a(vfprintf_flt.o)
                0x000029d8                vfprintf
 .text.libgcc   0x000030e6       0x28 g:/eclipse_uc/avr/winavr/bin/../lib/gcc/avr/4.3.3/avr5\libgcc.a(_udivmodhi4.o)
                0x000030e6                __udivmodhi4
 .text.libgcc   0x0000310e       0x26 g:/eclipse_uc/avr/winavr/bin/../lib/gcc/avr/4.3.3/avr5\libgcc.a(_divmodhi4.o)
                0x0000310e                __divmodhi4
                0x0000310e                _div
 .text.libgcc   0x00003134       0x38 g:/eclipse_uc/avr/winavr/bin/../lib/gcc/avr/4.3.3/avr5\libgcc.a(_prologue.o)
                0x00003134                __prologue_saves__
 .text.libgcc   0x0000316c       0x36 g:/eclipse_uc/avr/winavr/bin/../lib/gcc/avr/4.3.3/avr5\libgcc.a(_epilogue.o)
                0x0000316c                __epilogue_restores__
 .text.libgcc   0x000031a2        0x0 g:/eclipse_uc/avr/winavr/bin/../lib/gcc/avr/4.3.3/avr5\libgcc.a(_exit.o)
 .text.libgcc   0x000031a2        0x0 g:/eclipse_uc/avr/winavr/bin/../lib/gcc/avr/4.3.3/avr5\libgcc.a(_copy_data.o)
 .text.libgcc   0x000031a2        0x0 g:/eclipse_uc/avr/winavr/bin/../lib/gcc/avr/4.3.3/avr5\libgcc.a(_clear_bss.o)
 .text.avr-libc
                0x000031a2      0x1b0 g:/eclipse_uc/avr/winavr/bin/../lib/gcc/avr/4.3.3/../../../../avr/lib/avr5\libc.a(ftoa_engine.o)
                0x000031a2                __ftoa_engine
 .text.avr-libc
                0x00003352       0x16 g:/eclipse_uc/avr/winavr/bin/../lib/gcc/avr/4.3.3/../../../../avr/lib/avr5\libc.a(strnlen_P.o)
                0x00003352                strnlen_P
 .text.avr-libc
                0x00003368       0x16 g:/eclipse_uc/avr/winavr/bin/../lib/gcc/avr/4.3.3/../../../../avr/lib/avr5\libc.a(strnlen.o)
                0x00003368                strnlen
 .text.avr-libc
                0x0000337e       0x58 g:/eclipse_uc/avr/winavr/bin/../lib/gcc/avr/4.3.3/../../../../avr/lib/avr5\libc.a(fputc.o)
                0x0000337e                fputc
 .text.avr-libc
                0x000033d6       0x2a g:/eclipse_uc/avr/winavr/bin/../lib/gcc/avr/4.3.3/../../../../avr/lib/avr5\libc.a(printf.o)
                0x000033d6                printf
 .text.avr-libc
                0x00003400       0xbc g:/eclipse_uc/avr/winavr/bin/../lib/gcc/avr/4.3.3/../../../../avr/lib/avr5\libc.a(ultoa_invert.o)
                0x00003400                __ultoa_invert
                0x000034bc                . = ALIGN (0x2)
 *(.fini9)
 .fini9         0x000034bc        0x0 g:/eclipse_uc/avr/winavr/bin/../lib/gcc/avr/4.3.3/avr5\libgcc.a(_exit.o)
                0x000034bc                exit
                0x000034bc                _exit
 *(.fini9)
 *(.fini8)
 *(.fini8)
 *(.fini7)
 *(.fini7)
 *(.fini6)
 *(.fini6)
 *(.fini5)
 *(.fini5)
 *(.fini4)
 *(.fini4)
 *(.fini3)
 *(.fini3)
 *(.fini2)
 *(.fini2)
 *(.fini1)
 *(.fini1)
 *(.fini0)
 .fini0         0x000034bc        0x4 g:/eclipse_uc/avr/winavr/bin/../lib/gcc/avr/4.3.3/avr5\libgcc.a(_exit.o)
 *(.fini0)
                0x000034c0                _etext = .

.data           0x00800100      0x1b6 load address 0x000034c0
                0x00800100                PROVIDE (__data_start, .)
 *(.data)
 .data          0x00800100        0x0 g:/eclipse_uc/avr/winavr/bin/../lib/gcc/avr/4.3.3/../../../../avr/lib/avr5/crtm328p.o
 .data          0x00800100        0x0 ./util/fasttrigo.o
 .data          0x00800100        0x0 ./mpu6050/mpu6050.o
 .data          0x00800100        0x0 ./mpu6050/mpu6050dmp6.o
 .data          0x00800100        0x0 ./kalman/kalman.o
 .data          0x00800100        0x0 ./i2chw/twimastertimeout.o
 .data          0x00800100       0x93 ./blmotor/blmotor.o
 .data          0x00800193        0x0 ./main.o
 .data          0x00800193        0x0 ./prisma.o
 .data          0x00800193        0x0 ./uart.o
 .data          0x00800193        0x0 g:/eclipse_uc/avr/winavr/bin/../lib/gcc/avr/4.3.3/../../../../avr/lib/avr5\libm.a(addsf3.o)
 .data          0x00800193        0x0 g:/eclipse_uc/avr/winavr/bin/../lib/gcc/avr/4.3.3/../../../../avr/lib/avr5\libm.a(addsf3x.o)
 .data          0x00800193        0x0 g:/eclipse_uc/avr/winavr/bin/../lib/gcc/avr/4.3.3/../../../../avr/lib/avr5\libm.a(atan2.o)
 .data          0x00800193        0x0 g:/eclipse_uc/avr/winavr/bin/../lib/gcc/avr/4.3.3/../../../../avr/lib/avr5\libm.a(atan.o)
 .data          0x00800193        0x0 g:/eclipse_uc/avr/winavr/bin/../lib/gcc/avr/4.3.3/../../../../avr/lib/avr5\libm.a(cmpsf2.o)
 .data          0x00800193        0x0 g:/eclipse_uc/avr/winavr/bin/../lib/gcc/avr/4.3.3/../../../../avr/lib/avr5\libm.a(divsf3.o)
 .data          0x00800193        0x0 g:/eclipse_uc/avr/winavr/bin/../lib/gcc/avr/4.3.3/../../../../avr/lib/avr5\libm.a(divsf3x.o)
 .data          0x00800193        0x0 g:/eclipse_uc/avr/winavr/bin/../lib/gcc/avr/4.3.3/../../../../avr/lib/avr5\libm.a(fixsfsi.o)
 .data          0x00800193        0x0 g:/eclipse_uc/avr/winavr/bin/../lib/gcc/avr/4.3.3/../../../../avr/lib/avr5\libm.a(fixunssfsi.o)
 .data          0x00800193        0x0 g:/eclipse_uc/avr/winavr/bin/../lib/gcc/avr/4.3.3/../../../../avr/lib/avr5\libm.a(floatsisf.o)
 .data          0x00800193        0x0 g:/eclipse_uc/avr/winavr/bin/../lib/gcc/avr/4.3.3/../../../../avr/lib/avr5\libm.a(fp_cmp.o)
 .data          0x00800193        0x0 g:/eclipse_uc/avr/winavr/bin/../lib/gcc/avr/4.3.3/../../../../avr/lib/avr5\libm.a(fp_inf.o)
 .data          0x00800193        0x0 g:/eclipse_uc/avr/winavr/bin/../lib/gcc/avr/4.3.3/../../../../avr/lib/avr5\libm.a(fp_nan.o)
 .data          0x00800193        0x0 g:/eclipse_uc/avr/winavr/bin/../lib/gcc/avr/4.3.3/../../../../avr/lib/avr5\libm.a(fp_powser.o)
 .data          0x00800193        0x0 g:/eclipse_uc/avr/winavr/bin/../lib/gcc/avr/4.3.3/../../../../avr/lib/avr5\libm.a(fp_pscA.o)
 .data          0x00800193        0x0 g:/eclipse_uc/avr/winavr/bin/../lib/gcc/avr/4.3.3/../../../../avr/lib/avr5\libm.a(fp_pscB.o)
 .data          0x00800193        0x0 g:/eclipse_uc/avr/winavr/bin/../lib/gcc/avr/4.3.3/../../../../avr/lib/avr5\libm.a(fp_round.o)
 .data          0x00800193        0x0 g:/eclipse_uc/avr/winavr/bin/../lib/gcc/avr/4.3.3/../../../../avr/lib/avr5\libm.a(fp_split3.o)
 .data          0x00800193        0x0 g:/eclipse_uc/avr/winavr/bin/../lib/gcc/avr/4.3.3/../../../../avr/lib/avr5\libm.a(fp_zero.o)
 .data          0x00800193        0x0 g:/eclipse_uc/avr/winavr/bin/../lib/gcc/avr/4.3.3/../../../../avr/lib/avr5\libm.a(frexp.o)
 .data          0x00800193        0x0 g:/eclipse_uc/avr/winavr/bin/../lib/gcc/avr/4.3.3/../../../../avr/lib/avr5\libm.a(gesf2.o)
 .data          0x00800193        0x0 g:/eclipse_uc/avr/winavr/bin/../lib/gcc/avr/4.3.3/../../../../avr/lib/avr5\libm.a(inverse.o)
 .data          0x00800193        0x0 g:/eclipse_uc/avr/winavr/bin/../lib/gcc/avr/4.3.3/../../../../avr/lib/avr5\libm.a(ldexp.o)
 .data          0x00800193        0x0 g:/eclipse_uc/avr/winavr/bin/../lib/gcc/avr/4.3.3/../../../../avr/lib/avr5\libm.a(mulsf3.o)
 .data          0x00800193        0x0 g:/eclipse_uc/avr/winavr/bin/../lib/gcc/avr/4.3.3/../../../../avr/lib/avr5\libm.a(mulsf3x.o)
 .data          0x00800193        0x0 g:/eclipse_uc/avr/winavr/bin/../lib/gcc/avr/4.3.3/../../../../avr/lib/avr5\libm.a(square.o)
 .data          0x00800193        0x0 g:/eclipse_uc/avr/winavr/bin/../lib/gcc/avr/4.3.3/../../../../avr/lib/avr5\libm.a(fp_mpack.o)
 .data          0x00800193        0x0 g:/eclipse_uc/avr/winavr/bin/../lib/gcc/avr/4.3.3/../../../../avr/lib/avr5\libm.a(fp_norm2.o)
 .data          0x00800193        0x0 g:/eclipse_uc/avr/winavr/bin/../lib/gcc/avr/4.3.3/../../../../avr/lib/avr5\libprintf_flt.a(vfprintf_flt.o)
 .data          0x00800193        0x0 g:/eclipse_uc/avr/winavr/bin/../lib/gcc/avr/4.3.3/avr5\libgcc.a(_udivmodhi4.o)
 .data          0x00800193        0x0 g:/eclipse_uc/avr/winavr/bin/../lib/gcc/avr/4.3.3/avr5\libgcc.a(_divmodhi4.o)
 .data          0x00800193        0x0 g:/eclipse_uc/avr/winavr/bin/../lib/gcc/avr/4.3.3/avr5\libgcc.a(_prologue.o)
 .data          0x00800193        0x0 g:/eclipse_uc/avr/winavr/bin/../lib/gcc/avr/4.3.3/avr5\libgcc.a(_epilogue.o)
 .data          0x00800193        0x0 g:/eclipse_uc/avr/winavr/bin/../lib/gcc/avr/4.3.3/avr5\libgcc.a(_exit.o)
 .data          0x00800193        0x0 g:/eclipse_uc/avr/winavr/bin/../lib/gcc/avr/4.3.3/avr5\libgcc.a(_copy_data.o)
 .data          0x00800193        0x0 g:/eclipse_uc/avr/winavr/bin/../lib/gcc/avr/4.3.3/avr5\libgcc.a(_clear_bss.o)
 .data          0x00800193        0x0 g:/eclipse_uc/avr/winavr/bin/../lib/gcc/avr/4.3.3/../../../../avr/lib/avr5\libc.a(ftoa_engine.o)
 .data          0x00800193        0x0 g:/eclipse_uc/avr/winavr/bin/../lib/gcc/avr/4.3.3/../../../../avr/lib/avr5\libc.a(strnlen_P.o)
 .data          0x00800193        0x0 g:/eclipse_uc/avr/winavr/bin/../lib/gcc/avr/4.3.3/../../../../avr/lib/avr5\libc.a(strnlen.o)
 .data          0x00800193        0x0 g:/eclipse_uc/avr/winavr/bin/../lib/gcc/avr/4.3.3/../../../../avr/lib/avr5\libc.a(fputc.o)
 .data          0x00800193        0x0 g:/eclipse_uc/avr/winavr/bin/../lib/gcc/avr/4.3.3/../../../../avr/lib/avr5\libc.a(iob.o)
 .data          0x00800193        0x0 g:/eclipse_uc/avr/winavr/bin/../lib/gcc/avr/4.3.3/../../../../avr/lib/avr5\libc.a(printf.o)
 .data          0x00800193        0x0 g:/eclipse_uc/avr/winavr/bin/../lib/gcc/avr/4.3.3/../../../../avr/lib/avr5\libc.a(ultoa_invert.o)
 *(.data*)
 .data.pwmSinMotor
                0x00800193      0x100 ./blmotor/blmotor.o
                0x00800193                pwmSinMotor
 .data.MotorPower
                0x00800293        0x2 ./blmotor/blmotor.o
                0x00800293                MotorPower
 .data.idl_motor_power
                0x00800295        0x1 ./blmotor/blmotor.o
                0x00800295                idl_motor_power
 .data.speedFactor
                0x00800296        0x4 ./blmotor/blmotor.o
                0x00800296                speedFactor
 .data.uart_input
                0x0080029a        0xe ./uart.o
                0x0080029a                uart_input
 .data.uart_output
                0x008002a8        0xe ./uart.o
 *(.rodata)
 *(.rodata*)
 *(.gnu.linkonce.d*)
                0x008002b6                . = ALIGN (0x2)
                0x008002b6                _edata = .
                0x008002b6                PROVIDE (__data_end, .)

.bss            0x008002b6      0x22d
                0x008002b6                PROVIDE (__bss_start, .)
 *(.bss)
 .bss           0x008002b6        0x0 g:/eclipse_uc/avr/winavr/bin/../lib/gcc/avr/4.3.3/../../../../avr/lib/avr5/crtm328p.o
 .bss           0x008002b6        0x0 ./util/fasttrigo.o
 .bss           0x008002b6        0x0 ./mpu6050/mpu6050.o
 .bss           0x008002b6        0x0 ./mpu6050/mpu6050dmp6.o
 .bss           0x008002b6        0x0 ./kalman/kalman.o
 .bss           0x008002b6        0x0 ./i2chw/twimastertimeout.o
 .bss           0x008002b6        0x0 ./blmotor/blmotor.o
 .bss           0x008002b6        0x0 ./main.o
 .bss           0x008002b6        0x0 ./prisma.o
 .bss           0x008002b6        0x0 ./uart.o
 .bss           0x008002b6        0x0 g:/eclipse_uc/avr/winavr/bin/../lib/gcc/avr/4.3.3/../../../../avr/lib/avr5\libm.a(addsf3.o)
 .bss           0x008002b6        0x0 g:/eclipse_uc/avr/winavr/bin/../lib/gcc/avr/4.3.3/../../../../avr/lib/avr5\libm.a(addsf3x.o)
 .bss           0x008002b6        0x0 g:/eclipse_uc/avr/winavr/bin/../lib/gcc/avr/4.3.3/../../../../avr/lib/avr5\libm.a(atan2.o)
 .bss           0x008002b6        0x0 g:/eclipse_uc/avr/winavr/bin/../lib/gcc/avr/4.3.3/../../../../avr/lib/avr5\libm.a(atan.o)
 .bss           0x008002b6        0x0 g:/eclipse_uc/avr/winavr/bin/../lib/gcc/avr/4.3.3/../../../../avr/lib/avr5\libm.a(cmpsf2.o)
 .bss           0x008002b6        0x0 g:/eclipse_uc/avr/winavr/bin/../lib/gcc/avr/4.3.3/../../../../avr/lib/avr5\libm.a(divsf3.o)
 .bss           0x008002b6        0x0 g:/eclipse_uc/avr/winavr/bin/../lib/gcc/avr/4.3.3/../../../../avr/lib/avr5\libm.a(divsf3x.o)
 .bss           0x008002b6        0x0 g:/eclipse_uc/avr/winavr/bin/../lib/gcc/avr/4.3.3/../../../../avr/lib/avr5\libm.a(fixsfsi.o)
 .bss           0x008002b6        0x0 g:/eclipse_uc/avr/winavr/bin/../lib/gcc/avr/4.3.3/../../../../avr/lib/avr5\libm.a(fixunssfsi.o)
 .bss           0x008002b6        0x0 g:/eclipse_uc/avr/winavr/bin/../lib/gcc/avr/4.3.3/../../../../avr/lib/avr5\libm.a(floatsisf.o)
 .bss           0x008002b6        0x0 g:/eclipse_uc/avr/winavr/bin/../lib/gcc/avr/4.3.3/../../../../avr/lib/avr5\libm.a(fp_cmp.o)
 .bss           0x008002b6        0x0 g:/eclipse_uc/avr/winavr/bin/../lib/gcc/avr/4.3.3/../../../../avr/lib/avr5\libm.a(fp_inf.o)
 .bss           0x008002b6        0x0 g:/eclipse_uc/avr/winavr/bin/../lib/gcc/avr/4.3.3/../../../../avr/lib/avr5\libm.a(fp_nan.o)
 .bss           0x008002b6        0x0 g:/eclipse_uc/avr/winavr/bin/../lib/gcc/avr/4.3.3/../../../../avr/lib/avr5\libm.a(fp_powser.o)
 .bss           0x008002b6        0x0 g:/eclipse_uc/avr/winavr/bin/../lib/gcc/avr/4.3.3/../../../../avr/lib/avr5\libm.a(fp_pscA.o)
 .bss           0x008002b6        0x0 g:/eclipse_uc/avr/winavr/bin/../lib/gcc/avr/4.3.3/../../../../avr/lib/avr5\libm.a(fp_pscB.o)
 .bss           0x008002b6        0x0 g:/eclipse_uc/avr/winavr/bin/../lib/gcc/avr/4.3.3/../../../../avr/lib/avr5\libm.a(fp_round.o)
 .bss           0x008002b6        0x0 g:/eclipse_uc/avr/winavr/bin/../lib/gcc/avr/4.3.3/../../../../avr/lib/avr5\libm.a(fp_split3.o)
 .bss           0x008002b6        0x0 g:/eclipse_uc/avr/winavr/bin/../lib/gcc/avr/4.3.3/../../../../avr/lib/avr5\libm.a(fp_zero.o)
 .bss           0x008002b6        0x0 g:/eclipse_uc/avr/winavr/bin/../lib/gcc/avr/4.3.3/../../../../avr/lib/avr5\libm.a(frexp.o)
 .bss           0x008002b6        0x0 g:/eclipse_uc/avr/winavr/bin/../lib/gcc/avr/4.3.3/../../../../avr/lib/avr5\libm.a(gesf2.o)
 .bss           0x008002b6        0x0 g:/eclipse_uc/avr/winavr/bin/../lib/gcc/avr/4.3.3/../../../../avr/lib/avr5\libm.a(inverse.o)
 .bss           0x008002b6        0x0 g:/eclipse_uc/avr/winavr/bin/../lib/gcc/avr/4.3.3/../../../../avr/lib/avr5\libm.a(ldexp.o)
 .bss           0x008002b6        0x0 g:/eclipse_uc/avr/winavr/bin/../lib/gcc/avr/4.3.3/../../../../avr/lib/avr5\libm.a(mulsf3.o)
 .bss           0x008002b6        0x0 g:/eclipse_uc/avr/winavr/bin/../lib/gcc/avr/4.3.3/../../../../avr/lib/avr5\libm.a(mulsf3x.o)
 .bss           0x008002b6        0x0 g:/eclipse_uc/avr/winavr/bin/../lib/gcc/avr/4.3.3/../../../../avr/lib/avr5\libm.a(square.o)
 .bss           0x008002b6        0x0 g:/eclipse_uc/avr/winavr/bin/../lib/gcc/avr/4.3.3/../../../../avr/lib/avr5\libm.a(fp_mpack.o)
 .bss           0x008002b6        0x0 g:/eclipse_uc/avr/winavr/bin/../lib/gcc/avr/4.3.3/../../../../avr/lib/avr5\libm.a(fp_norm2.o)
 .bss           0x008002b6        0x0 g:/eclipse_uc/avr/winavr/bin/../lib/gcc/avr/4.3.3/../../../../avr/lib/avr5\libprintf_flt.a(vfprintf_flt.o)
 .bss           0x008002b6        0x0 g:/eclipse_uc/avr/winavr/bin/../lib/gcc/avr/4.3.3/avr5\libgcc.a(_udivmodhi4.o)
 .bss           0x008002b6        0x0 g:/eclipse_uc/avr/winavr/bin/../lib/gcc/avr/4.3.3/avr5\libgcc.a(_divmodhi4.o)
 .bss           0x008002b6        0x0 g:/eclipse_uc/avr/winavr/bin/../lib/gcc/avr/4.3.3/avr5\libgcc.a(_prologue.o)
 .bss           0x008002b6        0x0 g:/eclipse_uc/avr/winavr/bin/../lib/gcc/avr/4.3.3/avr5\libgcc.a(_epilogue.o)
 .bss           0x008002b6        0x0 g:/eclipse_uc/avr/winavr/bin/../lib/gcc/avr/4.3.3/avr5\libgcc.a(_exit.o)
 .bss           0x008002b6        0x0 g:/eclipse_uc/avr/winavr/bin/../lib/gcc/avr/4.3.3/avr5\libgcc.a(_copy_data.o)
 .bss           0x008002b6        0x0 g:/eclipse_uc/avr/winavr/bin/../lib/gcc/avr/4.3.3/avr5\libgcc.a(_clear_bss.o)
 .bss           0x008002b6        0x0 g:/eclipse_uc/avr/winavr/bin/../lib/gcc/avr/4.3.3/../../../../avr/lib/avr5\libc.a(ftoa_engine.o)
 .bss           0x008002b6        0x0 g:/eclipse_uc/avr/winavr/bin/../lib/gcc/avr/4.3.3/../../../../avr/lib/avr5\libc.a(strnlen_P.o)
 .bss           0x008002b6        0x0 g:/eclipse_uc/avr/winavr/bin/../lib/gcc/avr/4.3.3/../../../../avr/lib/avr5\libc.a(strnlen.o)
 .bss           0x008002b6        0x0 g:/eclipse_uc/avr/winavr/bin/../lib/gcc/avr/4.3.3/../../../../avr/lib/avr5\libc.a(fputc.o)
 .bss           0x008002b6        0x0 g:/eclipse_uc/avr/winavr/bin/../lib/gcc/avr/4.3.3/../../../../avr/lib/avr5\libc.a(iob.o)
 .bss           0x008002b6        0x0 g:/eclipse_uc/avr/winavr/bin/../lib/gcc/avr/4.3.3/../../../../avr/lib/avr5\libc.a(printf.o)
 .bss           0x008002b6        0x0 g:/eclipse_uc/avr/winavr/bin/../lib/gcc/avr/4.3.3/../../../../avr/lib/avr5\libc.a(ultoa_invert.o)
 *(.bss*)
 .bss.idx       0x008002b6        0x1 ./blmotor/blmotor.o
                0x008002b6                idx
 .bss.tick      0x008002b7        0x2 ./blmotor/blmotor.o
                0x008002b7                tick
 .bss.step      0x008002b9        0x1 ./blmotor/blmotor.o
                0x008002b9                step
 .bss.doCommutate
                0x008002ba        0x1 ./blmotor/blmotor.o
                0x008002ba                doCommutate
 .bss.updatePosition
                0x008002bb        0x1 ./main.o
                0x008002bb                updatePosition
 .bss.debugPrint
                0x008002bc        0x1 ./main.o
                0x008002bc                debugPrint
 .bss.warnFlag  0x008002bd        0x1 ./main.o
                0x008002bd                warnFlag
 .bss.freqCounter
                0x008002be        0x2 ./main.o
                0x008002be                freqCounter
 .bss.msCounter
                0x008002c0        0x2 ./main.o
                0x008002c0                msCounter
 .bss.UART_TxBuf
                0x008002c2       0x40 ./uart.o
 .bss.UART_RxBuf
                0x00800302       0x40 ./uart.o
 .bss.UART_TxHead
                0x00800342        0x1 ./uart.o
 .bss.UART_TxTail
                0x00800343        0x1 ./uart.o
 .bss.UART_RxHead
                0x00800344        0x1 ./uart.o
 .bss.UART_RxTail
                0x00800345        0x1 ./uart.o
 .bss.UART_LastRxError
                0x00800346        0x1 ./uart.o
 *(COMMON)
 COMMON         0x00800347        0xe ./mpu6050/mpu6050.o
                0x00800347                buffer
 COMMON         0x00800355      0x10b ./blmotor/blmotor.o
                0x00800355                ocr
                0x00800387                speedLookup
                0x0080044f                motorControlState
 COMMON         0x00800460       0x78 ./main.o
                0x00800460                kalX
                0x00800488                kalY
                0x008004b0                kalZ
 COMMON         0x008004d8        0x5 ./prisma.o
                0x008004d8                orientation
 COMMON         0x008004dd        0x6 g:/eclipse_uc/avr/winavr/bin/../lib/gcc/avr/4.3.3/../../../../avr/lib/avr5\libc.a(iob.o)
                0x008004dd                __iob
                0x008004e3                PROVIDE (__bss_end, .)
                0x000034c0                __data_load_start = LOADADDR (.data)
                0x00003676                __data_load_end = (__data_load_start + SIZEOF (.data))

.noinit         0x008004e3        0x0
                0x008004e3                PROVIDE (__noinit_start, .)
 *(.noinit*)
                0x008004e3                PROVIDE (__noinit_end, .)
                0x008004e3                _end = .
                0x008004e3                PROVIDE (__heap_start, .)

.eeprom         0x00810000        0x0
 *(.eeprom*)
                0x00810000                __eeprom_end = .

.fuse
 *(.fuse)
 *(.lfuse)
 *(.hfuse)
 *(.efuse)

.lock
 *(.lock*)

.signature
 *(.signature*)

.stab
 *(.stab)

.stabstr
 *(.stabstr)

.stab.excl
 *(.stab.excl)

.stab.exclstr
 *(.stab.exclstr)

.stab.index
 *(.stab.index)

.stab.indexstr
 *(.stab.indexstr)

.comment
 *(.comment)

.debug
 *(.debug)

.line
 *(.line)

.debug_srcinfo
 *(.debug_srcinfo)

.debug_sfnames
 *(.debug_sfnames)

.debug_aranges
 *(.debug_aranges)

.debug_pubnames
 *(.debug_pubnames)

.debug_info
 *(.debug_info)
 *(.gnu.linkonce.wi.*)

.debug_abbrev
 *(.debug_abbrev)

.debug_line
 *(.debug_line)

.debug_frame
 *(.debug_frame)

.debug_str
 *(.debug_str)

.debug_loc
 *(.debug_loc)

.debug_macinfo
 *(.debug_macinfo)
OUTPUT(PrismaControl.elf elf32-avr)
LOAD linker stubs
